[livedemo00.template-help.com/wordpress_42973/index.html]
[backblue.gif]
[fade.gif]
[index.html]
[ajax.cloudflare.com/cdn-cgi/nexp/dok3v=0489c402f5/cloudflare.min.js]
[static.livedemo00.template-help.com/wordpress_42973/wp-content/themes/theme1978/favicon.ico]
[static.livedemo00.template-help.com/wordpress_42973/wp-content/themes/theme1978/bootstrap/css/bootstrap.css]
[static.livedemo00.template-help.com/wordpress_42973/wp-content/themes/theme1978/bootstrap/css/responsive.css]
[static.livedemo00.template-help.com/wordpress_42973/wp-content/themes/CherryFramework/css/prettyPhoto.css]
[static.livedemo00.template-help.com/wordpress_42973/wp-content/themes/CherryFramework/css/camera.css]
[static.livedemo00.template-help.com/wordpress_42973/wp-content/themes/theme1978/style.css]
[static.livedemo00.template-help.com/wordpress_42973/wp-content/plugins/contact-form-7/includes/css/stylesd617.css]
[static.livedemo00.template-help.com/wordpress_42973/wp-content/themes/CherryFramework/js/jquery-1.7.2.minba3a.js]
[static.livedemo00.template-help.com/wordpress_42973/wp-content/themes/CherryFramework/js/modernizr1717.js]
[static.livedemo00.template-help.com/wordpress_42973/wp-content/themes/CherryFramework/js/superfishe225.js]
[static.livedemo00.template-help.com/wordpress_42973/wp-content/themes/CherryFramework/js/jquery.easing.1.34e44.js]
[static.livedemo00.template-help.com/wordpress_42973/wp-content/themes/CherryFramework/js/jquery.prettyPhotoc6bd.js]
[static.livedemo00.template-help.com/wordpress_42973/wp-content/themes/CherryFramework/js/jquery.elastislide5152.js]
[static.livedemo00.template-help.com/wordpress_42973/wp-includes/js/swfobjecteb77.js]
[static.livedemo00.template-help.com/wordpress_42973/wp-content/themes/CherryFramework/js/jquery.mobilemenu5152.js]
[static.livedemo00.template-help.com/wordpress_42973/wp-content/themes/CherryFramework/js/jquery.twitter5152.js]
[static.livedemo00.template-help.com/wordpress_42973/wp-content/themes/CherryFramework/js/jquery.flexslider53cf.js]
[static.livedemo00.template-help.com/wordpress_42973/wp-content/themes/CherryFramework/js/si.files5152.js]
[static.livedemo00.template-help.com/wordpress_42973/wp-content/themes/CherryFramework/js/camera.minc412.js]
[static.livedemo00.template-help.com/wordpress_42973/wp-content/themes/CherryFramework/js/jplayer.playlist.min3c94.js]
[static.livedemo00.template-help.com/wordpress_42973/wp-content/themes/CherryFramework/js/jquery.jplayer.min3601.js]
[static.livedemo00.template-help.com/wordpress_42973/wp-content/themes/CherryFramework/js/custom5152.js]
[static.livedemo00.template-help.com/wordpress_42973/wp-content/themes/CherryFramework/js/jquery.debouncedresize5152.js]
[static.livedemo00.template-help.com/wordpress_42973/wp-content/themes/CherryFramework/js/jquery.isotopedc81.js]
[static.livedemo00.template-help.com/wordpress_42973/wp-content/themes/CherryFramework/bootstrap/js/bootstrap.mina1ec.js]
[static.livedemo00.template-help.com/wordpress_42973/wp-includes/js/comment-replye735.js]
[static.livedemo00.template-help.com/wordpress_42973/wp-content/themes/CherryFramework/js/jquery.roundabout.mine735.js]
[static.livedemo00.template-help.com/wordpress_42973/wp-content/themes/CherryFramework/js/jquery.roundabout-shapes.mine735.js]
[static.livedemo00.template-help.com/wordpress_42973/wp-content/themes/CherryFramework/js/jquery.mobile.customized.min.js]
[static.livedemo00.template-help.com/wordpress_42973/wp-content/themes/theme1978/images/logo.png]
[static.livedemo00.template-help.com/wordpress_42973/wp-content/themes/theme1978/images/icons/facebook.png]
[static.livedemo00.template-help.com/wordpress_42973/wp-content/themes/theme1978/images/icons/twitter.png]
[static.livedemo00.template-help.com/wordpress_42973/wp-content/themes/theme1978/images/icons/google.png]
[static.livedemo00.template-help.com/wordpress_42973/wp-content/themes/theme1978/images/icons/pinterest.png]
[static.livedemo00.template-help.com/wordpress_42973/wp-content/themes/theme1978/images/icons/skype.png]
[static.livedemo00.template-help.com/wordpress_42973/wp-content/uploads/2011/09/img11.jpg]
[static.livedemo00.template-help.com/wordpress_42973/wp-content/uploads/2011/09/img21.jpg]
[livedemo00.template-help.com/wordpress_42973/blog/index.html]
[livedemo00.template-help.com/wordpress_42973/coding/mauris-posuere/index.html]
[static.livedemo00.template-help.com/wordpress_42973/wp-content/uploads/2011/09/img31.jpg]
[static.livedemo00.template-help.com/wordpress_42973/wp-content/plugins/contact-form-7/includes/js/jquery.form.mind23e.js]
[static.livedemo00.template-help.com/wordpress_42973/wp-content/plugins/contact-form-7/includes/js/scriptsd617.js]
[www.googletagmanager.com/ns3a8a.html]
[livedemo00.template-help.com/wordpress_42973/index.html]
[gmpg.org/xfn/11.html]
[livedemo00.template-help.com/wordpress_42973/xmlrpc.html]
[livedemo00.template-help.com/wordpress_42973/feed/index.html]
[livedemo00.template-help.com/wordpress_42973/feed/atom/index.html]
[static.livedemo00.template-help.com/wordpress_42973/wp-content/themes/theme1978/font/fontawesome-webfont.woff]
[static.livedemo00.template-help.com/wordpress_42973/wp-content/themes/theme1978/bootstrap/css/bootstrap.css]
[static.livedemo00.template-help.com/wordpress_42973/wp-content/themes/theme1978/bootstrap/css/responsive.css]
[static.livedemo00.template-help.com/wordpress_42973/wp-content/themes/CherryFramework/images/prettyPhoto/default/sprite.png]
[static.livedemo00.template-help.com/wordpress_42973/wp-content/themes/theme1978/font/fontawesome-webfont.svg]
[static.livedemo00.template-help.com/wordpress_42973/wp-content/themes/theme1978/font/fontawesome-webfont.ttf]
[static.livedemo00.template-help.com/wordpress_42973/wp-content/themes/CherryFramework/images/prettyPhoto/default/sprite_x.png]
[static.livedemo00.template-help.com/wordpress_42973/wp-content/themes/CherryFramework/images/prettyPhoto/default/sprite_y.png]
[static.livedemo00.template-help.com/wordpress_42973/wp-content/themes/CherryFramework/images/prettyPhoto/default/sprite_next.png]
[static.livedemo00.template-help.com/wordpress_42973/wp-content/themes/CherryFramework/images/prettyPhoto/default/sprite_prev.png]
[static.livedemo00.template-help.com/wordpress_42973/wp-content/themes/CherryFramework/images/prettyPhoto/default/default_thumb.png]
[static.livedemo00.template-help.com/wordpress_42973/wp-content/themes/CherryFramework/images/prettyPhoto/default/loader.gif]
[static.livedemo00.template-help.com/wordpress_42973/wp-content/themes/CherryFramework/images/prettyPhoto/light_rounded/sprite.png]
[static.livedemo00.template-help.com/wordpress_42973/wp-content/themes/CherryFramework/images/prettyPhoto/light_rounded/btnNext.png]
[static.livedemo00.template-help.com/wordpress_42973/wp-content/themes/CherryFramework/images/prettyPhoto/light_rounded/btnPrevious.png]
[static.livedemo00.template-help.com/wordpress_42973/wp-content/themes/CherryFramework/images/prettyPhoto/light_rounded/loader.gif]
[static.livedemo00.template-help.com/wordpress_42973/wp-content/themes/CherryFramework/images/prettyPhoto/dark_rounded/sprite.png]
[static.livedemo00.template-help.com/wordpress_42973/wp-content/themes/CherryFramework/images/prettyPhoto/dark_rounded/contentPattern.png]
[static.livedemo00.template-help.com/wordpress_42973/wp-content/themes/CherryFramework/images/prettyPhoto/dark_rounded/btnNext.png]
[static.livedemo00.template-help.com/wordpress_42973/wp-content/themes/CherryFramework/images/prettyPhoto/dark_rounded/btnPrevious.png]
[static.livedemo00.template-help.com/wordpress_42973/wp-content/themes/CherryFramework/images/prettyPhoto/dark_rounded/loader.gif]
[static.livedemo00.template-help.com/wordpress_42973/wp-content/themes/CherryFramework/images/prettyPhoto/dark_square/loader.gif]
[static.livedemo00.template-help.com/wordpress_42973/wp-content/themes/CherryFramework/images/prettyPhoto/dark_square/sprite.png]
[static.livedemo00.template-help.com/wordpress_42973/wp-content/themes/CherryFramework/images/prettyPhoto/dark_square/btnNext.png]
[static.livedemo00.template-help.com/wordpress_42973/wp-content/themes/CherryFramework/images/prettyPhoto/dark_square/btnPrevious.png]
[static.livedemo00.template-help.com/wordpress_42973/wp-content/themes/CherryFramework/images/prettyPhoto/light_square/sprite.png]
[static.livedemo00.template-help.com/wordpress_42973/wp-content/themes/CherryFramework/images/prettyPhoto/light_square/btnNext.png]
[static.livedemo00.template-help.com/wordpress_42973/wp-content/themes/CherryFramework/images/prettyPhoto/light_square/btnPrevious.png]
[static.livedemo00.template-help.com/wordpress_42973/wp-content/themes/CherryFramework/images/prettyPhoto/facebook/sprite.png]
[static.livedemo00.template-help.com/wordpress_42973/wp-content/themes/CherryFramework/images/prettyPhoto/facebook/contentPatternTop.png]
[static.livedemo00.template-help.com/wordpress_42973/wp-content/themes/CherryFramework/images/prettyPhoto/facebook/contentPatternLeft.png]
[static.livedemo00.template-help.com/wordpress_42973/wp-content/themes/CherryFramework/images/prettyPhoto/facebook/contentPatternRight.png]
[static.livedemo00.template-help.com/wordpress_42973/wp-content/themes/CherryFramework/images/prettyPhoto/facebook/loader.gif]
[static.livedemo00.template-help.com/wordpress_42973/wp-content/themes/CherryFramework/images/prettyPhoto/facebook/btnNext.png]
[static.livedemo00.template-help.com/wordpress_42973/wp-content/themes/CherryFramework/images/prettyPhoto/facebook/btnPrevious.png]
[static.livedemo00.template-help.com/wordpress_42973/wp-content/themes/CherryFramework/images/prettyPhoto/facebook/contentPatternBottom.png]
[static.livedemo00.template-help.com/wordpress_42973/wp-content/themes/CherryFramework/images/prettyPhoto/facebook/default_thumbnail.gif]
[static.livedemo00.template-help.com/wordpress_42973/wp-content/themes/CherryFramework/css/prettyPhoto.css]
[static.livedemo00.template-help.com/wordpress_42973/wp-content/themes/CherryFramework/images/blank.gif]
[static.livedemo00.template-help.com/wordpress_42973/wp-content/themes/CherryFramework/images/camera-loader.gif]
[static.livedemo00.template-help.com/wordpress_42973/wp-content/themes/CherryFramework/images/camera_skins.png]
[static.livedemo00.template-help.com/wordpress_42973/wp-content/themes/CherryFramework/images/patterns/overlay1.8a.delayed]
[static.livedemo00.template-help.com/wordpress_42973/wp-content/themes/CherryFramework/images/patterns/overlay2.png]
[static.livedemo00.template-help.com/wordpress_42973/wp-content/themes/CherryFramework/images/patterns/overlay3.8c.delayed]
[static.livedemo00.template-help.com/wordpress_42973/wp-content/themes/CherryFramework/images/patterns/overlay4.8d.delayed]
[static.livedemo00.template-help.com/wordpress_42973/wp-content/themes/CherryFramework/images/patterns/overlay5.8e.delayed]
[static.livedemo00.template-help.com/wordpress_42973/wp-content/themes/CherryFramework/images/patterns/overlay6.8f.delayed]
[static.livedemo00.template-help.com/wordpress_42973/wp-content/themes/CherryFramework/images/patterns/overlay7.90.delayed]
[static.livedemo00.template-help.com/wordpress_42973/wp-content/themes/CherryFramework/images/patterns/overlay8.91.delayed]
[static.livedemo00.template-help.com/wordpress_42973/wp-content/themes/CherryFramework/images/patterns/overlay9.92.delayed]
[static.livedemo00.template-help.com/wordpress_42973/wp-content/themes/CherryFramework/images/patterns/overlay10.93.delayed]
[static.livedemo00.template-help.com/wordpress_42973/wp-content/themes/CherryFramework/css/camera.css]
[static.livedemo00.template-help.com/wordpress_42973/wp-content/themes/CherryFramework/style.css]
[static.livedemo00.template-help.com/wordpress_42973/wp-content/themes/theme1978/images/bg-body.jpg]
[static.livedemo00.template-help.com/wordpress_42973/wp-content/themes/theme1978/images/header-bg.jpg]
[static.livedemo00.template-help.com/wordpress_42973/wp-content/themes/theme1978/images/nav-bg2.png]
[static.livedemo00.template-help.com/wordpress_42973/wp-content/themes/theme1978/images/nav-bg.jpg]
[static.livedemo00.template-help.com/wordpress_42973/wp-content/themes/theme1978/images/bg-banner2.png]
[static.livedemo00.template-help.com/wordpress_42973/wp-content/themes/theme1978/images/bg-caption.jpg]
[static.livedemo00.template-help.com/wordpress_42973/wp-content/themes/theme1978/images/bg-caption2.png]
[static.livedemo00.template-help.com/wordpress_42973/wp-content/themes/theme1978/images/brown-bg3.png]
[static.livedemo00.template-help.com/wordpress_42973/wp-content/themes/theme1978/images/btn-over.png]
[static.livedemo00.template-help.com/wordpress_42973/wp-content/themes/theme1978/images/red-bg.png]
[static.livedemo00.template-help.com/wordpress_42973/wp-content/themes/theme1978/images/marker.png]
[static.livedemo00.template-help.com/wordpress_42973/wp-content/themes/theme1978/images/footer-bg2.png]
[static.livedemo00.template-help.com/wordpress_42973/wp-content/themes/theme1978/images/back-to-top.png]
[static.livedemo00.template-help.com/wordpress_42973/wp-content/themes/theme1978/style.css]
[livedemo00.template-help.com/wordpress_42973/comments/feed/index.html]
[livedemo00.template-help.com/wordpress_42973/home/feed/index.html]
[static.livedemo00.template-help.com/wordpress_42973/wp-content/plugins/contact-form-7/includes/css/stylesd617.css]
[fonts.googleapis.com/css3ecc.css]
[static.livedemo00.template-help.com/wordpress_42973/wp-content/themes/CherryFramework/js/jquery-1.7.2.minba3a.js]
[static.livedemo00.template-help.com/wordpress_42973/wp-content/themes/CherryFramework/js/modernizr1717.js]
[static.livedemo00.template-help.com/wordpress_42973/wp-content/themes/CherryFramework/js/superfishe225.js]
[static.livedemo00.template-help.com/wordpress_42973/wp-content/themes/CherryFramework/js/jquery.easing.1.34e44.js]
[static.livedemo00.template-help.com/wordpress_42973/wp-content/themes/CherryFramework/js/jquery.prettyPhotoc6bd.js]
[static.livedemo00.template-help.com/wordpress_42973/wp-content/themes/CherryFramework/js/jquery.elastislide5152.js]
[static.livedemo00.template-help.com/wordpress_42973/wp-includes/js/swfobjecteb77.js]
[static.livedemo00.template-help.com/wordpress_42973/wp-content/themes/CherryFramework/js/jquery.mobilemenu5152.js]
[static.livedemo00.template-help.com/wordpress_42973/wp-content/themes/CherryFramework/js/jquery.twitter5152.js]
[static.livedemo00.template-help.com/wordpress_42973/wp-content/themes/CherryFramework/js/jquery.flexslider53cf.js]
[static.livedemo00.template-help.com/wordpress_42973/wp-content/themes/CherryFramework/js/si.files5152.js]
[static.livedemo00.template-help.com/wordpress_42973/wp-content/themes/CherryFramework/js/camera.minc412.js]
[static.livedemo00.template-help.com/wordpress_42973/wp-content/themes/CherryFramework/js/jplayer.playlist.min3c94.js]
[static.livedemo00.template-help.com/wordpress_42973/wp-content/themes/CherryFramework/js/jquery.jplayer.min3601.js]
[static.livedemo00.template-help.com/wordpress_42973/wp-content/themes/CherryFramework/js/custom5152.js]
[static.livedemo00.template-help.com/wordpress_42973/wp-content/themes/CherryFramework/js/jquery.debouncedresize5152.js]
[static.livedemo00.template-help.com/wordpress_42973/wp-content/themes/CherryFramework/js/jquery.isotopedc81.js]
[static.livedemo00.template-help.com/wordpress_42973/wp-content/themes/CherryFramework/bootstrap/js/bootstrap.mina1ec.js]
[static.livedemo00.template-help.com/wordpress_42973/wp-includes/js/comment-replye735.js]
[static.livedemo00.template-help.com/wordpress_42973/wp-content/themes/CherryFramework/js/jquery.roundabout.mine735.js]
[static.livedemo00.template-help.com/wordpress_42973/wp-content/themes/CherryFramework/js/jquery.roundabout-shapes.mine735.js]
[livedemo00.template-help.com/wordpress_42973/xmlrpc0db0.html]
[livedemo00.template-help.com/wordpress_42973/wp-includes/wlwmanifest.html]
[livedemo00.template-help.com/wordpress_42973/privacy-policy/index.html]
[livedemo00.template-help.com/wordpress_42973/about/testimonials/index.html]
[static.livedemo00.template-help.com/wordpress_42973/wp-content/themes/CherryFramework/js/jquery.mobile.customized.min.js]
[livedemo00.template-help.com/wordpress_42973/about/index.html]
[livedemo00.template-help.com/wordpress_42973/about/archives/index.html]
[livedemo00.template-help.com/wordpress_42973/about/faqs/index.html]
[livedemo00.template-help.com/wordpress_42973/portfolio/index.html]
[livedemo00.template-help.com/wordpress_42973/portfolio/portfolio-2/index.html]
[livedemo00.template-help.com/wordpress_42973/portfolio/portfolio-3/index.html]
[livedemo00.template-help.com/wordpress_42973/portfolio/portfolio-4/index.html]
[static.livedemo00.template-help.com/wordpress_42973/wp-content/themes/CherryFramework/js/jflickrfeed5152.js]
[static.livedemo00.template-help.com/wordpress_42973/wp-content/uploads/2012/07/Depositphotos_1414088_original1-350x216.jpg]
[livedemo00.template-help.com/wordpress_42973/blog/index.html]
[livedemo00.template-help.com/wordpress_42973/contacts/index.html]
[connect.facebook.net/en_US/all.js]
[apis.google.com/js/plusone.js]
[assets.pinterest.com/js/pinmarklet2a3b.js]
[assets.pinterest.com/images/PinExt.png]
[platform.twitter.com/widgets.js]
[livedemo00.template-help.com/wordpress_42973/coding/mauris-posuere/index.html]
[livedemo00.template-help.com/wordpress_42973/css3/phasellus-fringilla/index.html]
[livedemo00.template-help.com/wordpress_42973/html5/lorem-ipsum-dolor-sit/index.html]
[livedemo00.template-help.com/wordpress_42973/webdesign/donec-tempor-libero/index.html]
[livedemo00.template-help.com/wordpress_42973/html5/etiam-commodo-convallis/index.html]
[livedemo00.template-help.com/wordpress_42973/css3/vivamus-vel-sem-at/index.html]
[livedemo00.template-help.com/wordpress_42973/static/static-footer-text.html]
[livedemo00.template-help.com/wordpress_42973/static/static-footer-nav.html]
[static.livedemo00.template-help.com/wordpress_42973/wp-content/plugins/contact-form-7/includes/js/jquery.form.mind23e.js]
[static.livedemo00.template-help.com/wordpress_42973/wp-content/plugins/contact-form-7/includes/js/scriptsd617.js]
[www.googletagmanager.com/ns3a8a.html]
[www.googletagmanager.com/gtm5445.html]
[gmpg.org/xfn/default.css]
[gmpg.org/xfn/.html]
[gmpg.org/xfn/pix/intro/five-met.gif]
[gmpg.org/xfn/pix/intro/five-acqfr.gif]
[gmpg.org/xfn/pix/intro/five-prof.gif]
[gmpg.org/xfn/pix/intro/five-lovefam.gif]
[gmpg.org/xfn/intro.html]
[gmpg.org/xfn/faq.html]
[gmpg.org/xfn/thanks.html]
[fonts.googleapis.com/css53c2.css]
[static.livedemo00.template-help.com/wordpress_42973/wp-content/themes/theme1978/font/fontawesome-webfont.svg]
[static.livedemo00.template-help.com/wordpress_42973/wp-content/themes/CherryFramework/images/patterns/overlay1.html]
[static.livedemo00.template-help.com/wordpress_42973/wp-content/themes/CherryFramework/images/patterns/overlay2.html]
[static.livedemo00.template-help.com/wordpress_42973/wp-content/themes/CherryFramework/images/patterns/overlay3.html]
[static.livedemo00.template-help.com/wordpress_42973/wp-content/themes/CherryFramework/images/patterns/overlay4.html]
[static.livedemo00.template-help.com/wordpress_42973/wp-content/themes/CherryFramework/images/patterns/overlay5.html]
[static.livedemo00.template-help.com/wordpress_42973/wp-content/themes/CherryFramework/images/patterns/overlay6.html]
[static.livedemo00.template-help.com/wordpress_42973/wp-content/themes/CherryFramework/images/patterns/overlay7.html]
[static.livedemo00.template-help.com/wordpress_42973/wp-content/themes/CherryFramework/images/patterns/overlay8.html]
[static.livedemo00.template-help.com/wordpress_42973/wp-content/themes/CherryFramework/images/patterns/overlay9.html]
[static.livedemo00.template-help.com/wordpress_42973/wp-content/themes/CherryFramework/images/patterns/overlay10.html]
[static.livedemo00.template-help.com/wordpress_42973/wp-content/themes/CherryFramework/style.css]
[livedemo00.template-help.com/wordpress_42973/youtu.be/index.html]
[static.livedemo00.template-help.com/wordpress_42973/wp-content/themes/CherryFramework/js/jflickrfeed5152.js]
[livedemo00.template-help.com/wordpress_42973/wp-content/uploads/2012/07/Depositphotos_8666215_original1-350x216.html]
[livedemo00.template-help.com/wordpress_42973/category/coding/index.html]
[livedemo00.template-help.com/wordpress_42973/author/admin/index.html]
[livedemo00.template-help.com/wordpress_42973/category/css3/index.html]
[livedemo00.template-help.com/wordpress_42973/wp-content/uploads/2011/07/img2-11-350x216.html]
[livedemo00.template-help.com/wordpress_42973/category/html5/index.html]
[livedemo00.template-help.com/wordpress_42973/uncategorized/audio-post-format/index.html]
[livedemo00.template-help.com/wordpress_42973/category/uncategorized/index.html]
[livedemo00.template-help.com/wordpress_42973/blog/page/2/index.html]
[livedemo00.template-help.com/wordpress_42973/blog/page/4/index.html]
[livedemo00.template-help.com/wordpress_42973/wp-content/uploads/2012/07/Depositphotos_8666215_original1-100x100.html]
[livedemo00.template-help.com/wordpress_42973/wp-content/uploads/2012/07/Depositphotos_1414088_original1-100x100.html]
[livedemo00.template-help.com/wordpress_42973/blog/static/static-footer-text.html]
[livedemo00.template-help.com/wordpress_42973/blog/static/static-footer-nav.html]
[livedemo00.template-help.com/wordpress_42973/coding/mauris-posuere/feed/index.html]
[livedemo00.template-help.com/wordpress_42973/index6cf3.html]
[static.livedemo00.template-help.com/wordpress_42973/wp-content/themes/CherryFramework/css/style.css]
[connect.facebook.net/en_US/all.js]
[livedemo00.template-help.com/wordpress_42973/wp-content/uploads/2012/05/Depositphotos_4010953_original1-200x120.html]
[livedemo00.template-help.com/wordpress_42973/webdesign/etiam-dictum-egestas/index.html]
[livedemo00.template-help.com/wordpress_42973/wp-content/uploads/2012/07/Depositphotos_2219213_original1-200x120.html]
[livedemo00.template-help.com/wordpress_42973/coding/mauris-posuere/static/static-footer-text.html]
[livedemo00.template-help.com/wordpress_42973/coding/mauris-posuere/static/static-footer-nav.html]
[gmpg.org/xfn/index.html]
[static.livedemo00.template-help.com/wordpress_42973/wp-content/uploads/2011/07/img2-11-100x100.jpg]
[gmpg.org/xfn/xfn-btn.gif]
[gmpg.org/xfn/join.html]
[gmpg.org/xfn/background.html]
[gmpg.org/xfn/tools.html]
[gmpg.org/xfn/pix/mememememe.png]
[gmpg.org/xfn/and/index.html]
[gmpg.org/xfn/helping.html]
[gmpg.org/xfn/feedback.html]
[gmpg.org/xfn/creator.html]
[junk.metafilter.com/xfn.d1.delayed]
[www.metafilter.com/xfn.d2.delayed]
[gmpg.org/xfn/xfn-mini.gif]
[gmpg.org/xfn/more.html]
[gmpg.org/xfn/press.html]
[gmpg.org/xfn/index-2.html]
[static.livedemo00.template-help.com/wordpress_42973/wp-content/themes/CherryFramework/images/arrows-ffffff.png]
[static.livedemo00.template-help.com/wordpress_42973/wp-content/themes/CherryFramework/images/quotes.png]
[static.livedemo00.template-help.com/wordpress_42973/wp-content/themes/CherryFramework/images/black-opacity-60.png]
[static.livedemo00.template-help.com/wordpress_42973/wp-content/themes/CherryFramework/images/magnify-alt.png]
[static.livedemo00.template-help.com/wordpress_42973/wp-content/themes/CherryFramework/images/loading.gif]
[static.livedemo00.template-help.com/wordpress_42973/wp-content/themes/CherryFramework/images/bg_direction_nav.png]
[static.livedemo00.template-help.com/wordpress_42973/wp-content/themes/CherryFramework/images/loading-folio.gif]
[static.livedemo00.template-help.com/wordpress_42973/wp-content/themes/CherryFramework/images/twitter-icon.png]
[static.livedemo00.template-help.com/wordpress_42973/wp-content/themes/CherryFramework/images/loading-twitter.gif]
[static.livedemo00.template-help.com/wordpress_42973/wp-content/themes/CherryFramework/images/nav.png]
[static.livedemo00.template-help.com/wordpress_42973/wp-content/themes/CherryFramework/images/up-arrow.png]
[static.livedemo00.template-help.com/wordpress_42973/wp-content/themes/CherryFramework/images/loading-map.gif]
[static.livedemo00.template-help.com/wordpress_42973/wp-content/themes/CherryFramework/images/btn-choose-file.gif]
[static.livedemo00.template-help.com/wordpress_42973/wp-content/themes/CherryFramework/images/jp_spacer.png]
[static.livedemo00.template-help.com/wordpress_42973/wp-content/themes/CherryFramework/images/jp_sprite.png]
[static.livedemo00.template-help.com/wordpress_42973/wp-content/themes/CherryFramework/images/jp_load.gif]
[static.livedemo00.template-help.com/wordpress_42973/wp-content/themes/CherryFramework/images/jp_playlist_li_cur.png]
[static.livedemo00.template-help.com/wordpress_42973/wp-content/themes/CherryFramework/images/jp_play.png]
[static.livedemo00.template-help.com/wordpress_42973/wp-content/themes/CherryFramework/css/style.css]
[livedemo00.template-help.com/wordpress_42973/coding/mauris-posuere/ABCDEFGHIJKLMNOPQRSTUVWXYZabcdefghijklmnopqrstuvwxyz0123456789+/index.html]
[livedemo00.template-help.com/wordpress_42973/coding/mauris-posuere/dialog/index.html]
[gmpg.org/xfn/1.html]
[gmpg.org/xfn/creator-fr.html]
[gmpg.org/xfn/creator-it.html]
[gmpg.org/xfn/creator-es.html]
[gmpg.org/xfn/creator-nl.html]
[gmpg.org/xfn/creator-cs.html]
[gmpg.org/xfn/creator-ja.html]
[gmpg.org/xfn/and/foaf.html]
[gmpg.org/xfn/and/index-2.html]
[gmpg.org/xfn/count.css]
[www.metafilter.com/xfn.html]
[static.livedemo00.template-help.com/wordpress_42973/wp-content/themes/theme1978/font/fontawesome-webfont.eot]
[static.livedemo00.template-help.com/wordpress_42973/wp-content/themes/theme1978/font/fontawesome-webfontd41d.html]
